// Jest Snapshot v1, https://goo.gl/fbAQLP

exports[`<Heading /> should render correctly. 1`] = `
<Heading
  lineHeight={1}
  size={2}
>
  <Styled(h2)
    lineHeight={1}
    styles={
      Object {
        "base": Object {},
        "context": Object {
          "color": "#ff0",
        },
        "typeface": Object {},
        "user": undefined,
      }
    }
  >
    <h2
      className="css-1ypvzub-dynamicStyledHeaders e17a5a842"
    >
      Hi There!
    </h2>
  </dynamicStyledHeaders>
</Heading>
`;

exports[`<Heading /> should render the fit configuration correctly. 1`] = `
<Heading
  fit={true}
  lineHeight={1}
  size={1}
>
  <Styled(div)
    height={0}
    innerRef={[Function]}
    styles={
      Object {
        "base": Object {},
        "context": undefined,
      }
    }
  >
    <div
      className="css-1re2fqt-StyledHeader e17a5a840"
      height={0}
    >
      <dynamicStyledFitHeaders
        innerRef={[Function]}
        lineHeight={1}
        scale={0}
        styles={
          Object {
            "typeface": Object {},
            "user": undefined,
          }
        }
      >
        <h1
          className="css-7u3ttm e134u50i2"
          scale={0}
        >
          This Header Fits!
        </h1>
      </dynamicStyledFitHeaders>
    </div>
  </StyledHeader>
</Heading>
`;
