// Jest Snapshot v1, https://goo.gl/fbAQLP

exports[`<Link /> should render correctly 1`] = `
<Link
  href="https://www.formidable.com"
  target="_blank"
>
  <Styled(a)
    href="https://www.formidable.com"
    rel="noopener noreferrer"
    styles={
      Array [
        Object {
          "color": "#345",
        },
        Object {},
        Object {},
        undefined,
      ]
    }
    target="_blank"
  >
    <a
      className="css-1dj1ybs-StyledLink e8dhd650"
      href="https://www.formidable.com"
      rel="noopener noreferrer"
      target="_blank"
    >
      Formidable Labs
    </a>
  </StyledLink>
</Link>
`;
